
========================================================================
Pipeline start: 2026-07-13 03:52:39.806168
Running 01_build_dataset.py
========================================================================
STEP 01: BUILD ML DATASET
========================================================================

  Building north...
Traceback (most recent call last):
  File "/home/samyak/mrc_ws/mhw_ml/scripts/01_build_dataset.py", line 153, in <module>
    main()
  File "/home/samyak/mrc_ws/mhw_ml/scripts/01_build_dataset.py", line 125, in main
    df = build_region_dataset(region, config)
  File "/home/samyak/mrc_ws/mhw_ml/scripts/01_build_dataset.py", line 64, in build_region_dataset
    wind_doy = wind_clim.groupby("DOY")["Wind"].mean().reset_index(name="Wind_Climatology")
  File "/home/samyak/mrc_ws/.venv/lib/python3.10/site-packages/pandas/core/groupby/generic.py", line 1951, in __getitem__
    return super().__getitem__(key)
  File "/home/samyak/mrc_ws/.venv/lib/python3.10/site-packages/pandas/core/base.py", line 245, in __getitem__
    raise KeyError(f"Column not found: {key}")
KeyError: 'Column not found: Wind'
FAILED 01_build_dataset.py

========================================================================
Pipeline start: 2026-07-13 03:52:51.939558
Running 01_build_dataset.py
========================================================================
STEP 01: BUILD ML DATASET
========================================================================

  Building north...
Traceback (most recent call last):
  File "/home/samyak/mrc_ws/mhw_ml/scripts/01_build_dataset.py", line 154, in <module>
    main()
  File "/home/samyak/mrc_ws/mhw_ml/scripts/01_build_dataset.py", line 128, in main
    df.to_parquet(out, index=False)
  File "/home/samyak/mrc_ws/.venv/lib/python3.10/site-packages/pandas/util/_decorators.py", line 333, in wrapper
    return func(*args, **kwargs)
  File "/home/samyak/mrc_ws/.venv/lib/python3.10/site-packages/pandas/core/frame.py", line 3124, in to_parquet
    return to_parquet(
  File "/home/samyak/mrc_ws/.venv/lib/python3.10/site-packages/pandas/io/parquet.py", line 478, in to_parquet
    impl = get_engine(engine)
  File "/home/samyak/mrc_ws/.venv/lib/python3.10/site-packages/pandas/io/parquet.py", line 68, in get_engine
    raise ImportError(
ImportError: Unable to find a usable engine; tried using: 'pyarrow', 'fastparquet'.
A suitable version of pyarrow or fastparquet is required for parquet support.
Trying to import the above resulted in these errors:
 - Missing optional dependency 'pyarrow'. pyarrow is required for parquet support. Use pip or conda to install pyarrow.
 - Missing optional dependency 'fastparquet'. fastparquet is required for parquet support. Use pip or conda to install fastparquet.
FAILED 01_build_dataset.py

========================================================================
Pipeline start: 2026-07-13 03:53:11.602032
Running 01_build_dataset.py
========================================================================
STEP 01: BUILD ML DATASET
========================================================================

  Building north...
    Rows: 7300
    onset_3d: 145 positive (1.99%)
    onset_7d: 340 positive (4.66%)
    onset_14d: 680 positive (9.32%)

  Building central...
    Rows: 7300
    onset_3d: 119 positive (1.63%)
    onset_7d: 278 positive (3.81%)
    onset_14d: 552 positive (7.56%)

  Building south...
    Rows: 7300
    onset_3d: 84 positive (1.15%)
    onset_7d: 196 positive (2.68%)
    onset_14d: 389 positive (5.33%)

  Split train: 14235 rows (2006–2018)

  Split val: 3285 rows (2019–2021)

  Split test: 4380 rows (2022–2025)

========================================================================
DATASET BUILD COMPLETE
  Output: /home/samyak/mrc_ws/mhw_ml/data/processed
========================================================================
Running 02_train_baselines.py
========================================================================
STEP 02: TRAIN BASELINES
========================================================================

  north / onset_3d
    climatology: F1=0.000 ROC-AUC=0.498
    persistence: F1=0.017 ROC-AUC=0.378
    logistic: F1=0.159 ROC-AUC=0.702

  north / onset_7d
    climatology: F1=0.000 ROC-AUC=0.506
    persistence: F1=0.071 ROC-AUC=0.406
    logistic: F1=0.253 ROC-AUC=0.644

  north / onset_14d
    climatology: F1=0.000 ROC-AUC=0.480
    persistence: F1=0.181 ROC-AUC=0.465
    logistic: F1=0.389 ROC-AUC=0.612

  central / onset_3d
    climatology: F1=0.000 ROC-AUC=0.544
    persistence: F1=0.006 ROC-AUC=0.392
    logistic: F1=0.235 ROC-AUC=0.840

  central / onset_7d
    climatology: F1=0.000 ROC-AUC=0.530
    persistence: F1=0.023 ROC-AUC=0.415
    logistic: F1=0.305 ROC-AUC=0.728

  central / onset_14d
    climatology: F1=0.000 ROC-AUC=0.487
    persistence: F1=0.100 ROC-AUC=0.424
    logistic: F1=0.399 ROC-AUC=0.606

  south / onset_3d
    climatology: F1=0.000 ROC-AUC=0.510
    persistence: F1=0.006 ROC-AUC=0.412
    logistic: F1=0.101 ROC-AUC=0.821

  south / onset_7d
    climatology: F1=0.000 ROC-AUC=0.520
    persistence: F1=0.029 ROC-AUC=0.446
    logistic: F1=0.123 ROC-AUC=0.667

  south / onset_14d
    climatology: F1=0.000 ROC-AUC=0.533
    persistence: F1=0.059 ROC-AUC=0.450
    logistic: F1=0.228 ROC-AUC=0.669

========================================================================
BASELINES COMPLETE
  Metrics: /home/samyak/mrc_ws/mhw_ml/outputs/metrics/baselines.csv
========================================================================
Running 03_train_models.py
========================================================================
STEP 03: TRAIN ML MODELS
  Models: ['xgboost', 'random_forest', 'gradient_boosting']
========================================================================

  north / onset_3d  (pos=74, neg=5766)
    Saved xgboost → onset_3d_xgboost.joblib
    Saved random_forest → onset_3d_random_forest.joblib
    Saved gradient_boosting → onset_3d_gradient_boosting.joblib

  north / onset_7d  (pos=173, neg=5667)
    Saved xgboost → onset_7d_xgboost.joblib
    Saved random_forest → onset_7d_random_forest.joblib
    Saved gradient_boosting → onset_7d_gradient_boosting.joblib

  north / onset_14d  (pos=348, neg=5492)
    Saved xgboost → onset_14d_xgboost.joblib
    Saved random_forest → onset_14d_random_forest.joblib
    Saved gradient_boosting → onset_14d_gradient_boosting.joblib

  central / onset_3d  (pos=54, neg=5786)
    Saved xgboost → onset_3d_xgboost.joblib
    Saved random_forest → onset_3d_random_forest.joblib
    Saved gradient_boosting → onset_3d_gradient_boosting.joblib

  central / onset_7d  (pos=125, neg=5715)
    Saved xgboost → onset_7d_xgboost.joblib
    Saved random_forest → onset_7d_random_forest.joblib
    Saved gradient_boosting → onset_7d_gradient_boosting.joblib

  central / onset_14d  (pos=251, neg=5589)
    Saved xgboost → onset_14d_xgboost.joblib
    Saved random_forest → onset_14d_random_forest.joblib
    Saved gradient_boosting → onset_14d_gradient_boosting.joblib

  south / onset_3d  (pos=57, neg=5783)
    Saved xgboost → onset_3d_xgboost.joblib
    Saved random_forest → onset_3d_random_forest.joblib
    Saved gradient_boosting → onset_3d_gradient_boosting.joblib

  south / onset_7d  (pos=133, neg=5707)
    Saved xgboost → onset_7d_xgboost.joblib
    Saved random_forest → onset_7d_random_forest.joblib
    Saved gradient_boosting → onset_7d_gradient_boosting.joblib

  south / onset_14d  (pos=263, neg=5577)
    Saved xgboost → onset_14d_xgboost.joblib
    Saved random_forest → onset_14d_random_forest.joblib
    Saved gradient_boosting → onset_14d_gradient_boosting.joblib

========================================================================
MODEL TRAINING COMPLETE
========================================================================
/home/samyak/mrc_ws/.venv/lib/python3.10/site-packages/xgboost/training.py:200: UserWarning: [03:53:24] WARNING: /__w/xgboost/xgboost/src/learner.cc:782: 
Parameters: { "use_label_encoder" } are not used.

  bst.update(dtrain, iteration=i, fobj=obj)
/home/samyak/mrc_ws/.venv/lib/python3.10/site-packages/xgboost/training.py:200: UserWarning: [03:53:54] WARNING: /__w/xgboost/xgboost/src/learner.cc:782: 
Parameters: { "use_label_encoder" } are not used.

  bst.update(dtrain, iteration=i, fobj=obj)
/home/samyak/mrc_ws/.venv/lib/python3.10/site-packages/xgboost/training.py:200: UserWarning: [03:54:22] WARNING: /__w/xgboost/xgboost/src/learner.cc:782: 
Parameters: { "use_label_encoder" } are not used.

  bst.update(dtrain, iteration=i, fobj=obj)
/home/samyak/mrc_ws/.venv/lib/python3.10/site-packages/xgboost/training.py:200: UserWarning: [03:54:51] WARNING: /__w/xgboost/xgboost/src/learner.cc:782: 
Parameters: { "use_label_encoder" } are not used.

  bst.update(dtrain, iteration=i, fobj=obj)
/home/samyak/mrc_ws/.venv/lib/python3.10/site-packages/xgboost/training.py:200: UserWarning: [03:55:19] WARNING: /__w/xgboost/xgboost/src/learner.cc:782: 
Parameters: { "use_label_encoder" } are not used.

  bst.update(dtrain, iteration=i, fobj=obj)
/home/samyak/mrc_ws/.venv/lib/python3.10/site-packages/xgboost/training.py:200: UserWarning: [03:55:48] WARNING: /__w/xgboost/xgboost/src/learner.cc:782: 
Parameters: { "use_label_encoder" } are not used.

  bst.update(dtrain, iteration=i, fobj=obj)
/home/samyak/mrc_ws/.venv/lib/python3.10/site-packages/xgboost/training.py:200: UserWarning: [03:56:18] WARNING: /__w/xgboost/xgboost/src/learner.cc:782: 
Parameters: { "use_label_encoder" } are not used.

  bst.update(dtrain, iteration=i, fobj=obj)
/home/samyak/mrc_ws/.venv/lib/python3.10/site-packages/xgboost/training.py:200: UserWarning: [03:56:46] WARNING: /__w/xgboost/xgboost/src/learner.cc:782: 
Parameters: { "use_label_encoder" } are not used.

  bst.update(dtrain, iteration=i, fobj=obj)
/home/samyak/mrc_ws/.venv/lib/python3.10/site-packages/xgboost/training.py:200: UserWarning: [03:57:14] WARNING: /__w/xgboost/xgboost/src/learner.cc:782: 
Parameters: { "use_label_encoder" } are not used.

  bst.update(dtrain, iteration=i, fobj=obj)
Running 04_evaluate_models.py
========================================================================
STEP 04: EVALUATE MODELS
========================================================================
  north/onset_3d/gradient_boosting: F1=0.114 PR-AUC=0.179
  north/onset_3d/random_forest: F1=0.164 PR-AUC=0.161
  north/onset_3d/xgboost: F1=0.051 PR-AUC=0.161
  north/onset_7d/gradient_boosting: F1=0.052 PR-AUC=0.171
  north/onset_7d/random_forest: F1=0.199 PR-AUC=0.221
  north/onset_7d/xgboost: F1=0.130 PR-AUC=0.213
  north/onset_14d/gradient_boosting: F1=0.073 PR-AUC=0.222
  north/onset_14d/random_forest: F1=0.175 PR-AUC=0.296
  north/onset_14d/xgboost: F1=0.041 PR-AUC=0.255
  central/onset_3d/gradient_boosting: F1=0.054 PR-AUC=0.157
  central/onset_3d/random_forest: F1=0.146 PR-AUC=0.211
  central/onset_3d/xgboost: F1=0.057 PR-AUC=0.178
  central/onset_7d/gradient_boosting: F1=0.012 PR-AUC=0.181
  central/onset_7d/random_forest: F1=0.195 PR-AUC=0.278
  central/onset_7d/xgboost: F1=0.132 PR-AUC=0.247
  central/onset_14d/gradient_boosting: F1=0.085 PR-AUC=0.300
  central/onset_14d/random_forest: F1=0.148 PR-AUC=0.280
  central/onset_14d/xgboost: F1=0.075 PR-AUC=0.267
  south/onset_3d/gradient_boosting: F1=0.103 PR-AUC=0.117
  south/onset_3d/random_forest: F1=0.103 PR-AUC=0.172
  south/onset_3d/xgboost: F1=0.138 PR-AUC=0.161
  south/onset_7d/gradient_boosting: F1=0.183 PR-AUC=0.129
  south/onset_7d/random_forest: F1=0.132 PR-AUC=0.181
  south/onset_7d/xgboost: F1=0.000 PR-AUC=0.153
  south/onset_14d/gradient_boosting: F1=0.104 PR-AUC=0.301
  south/onset_14d/random_forest: F1=0.211 PR-AUC=0.254
  south/onset_14d/xgboost: F1=0.075 PR-AUC=0.310

========================================================================
EVALUATION COMPLETE
  Metrics: /home/samyak/mrc_ws/mhw_ml/outputs/metrics/all_models_comparison.csv
========================================================================
Running 05_explain_models.py
========================================================================
STEP 05: MODEL EXPLAINABILITY
  SHAP available: True
========================================================================

  north / onset_3d / xgboost
    SHAP failed: could not convert string to float: '[5E-1]', using feature_importances_

  north / onset_7d / xgboost
    SHAP failed: could not convert string to float: '[5E-1]', using feature_importances_

  north / onset_14d / xgboost
    SHAP failed: could not convert string to float: '[5E-1]', using feature_importances_

  central / onset_3d / xgboost
    SHAP failed: could not convert string to float: '[5E-1]', using feature_importances_

  central / onset_7d / xgboost
    SHAP failed: could not convert string to float: '[5E-1]', using feature_importances_

  central / onset_14d / xgboost
    SHAP failed: could not convert string to float: '[5E-1]', using feature_importances_

  south / onset_3d / xgboost
    SHAP failed: could not convert string to float: '[5E-1]', using feature_importances_

  south / onset_7d / xgboost
    SHAP failed: could not convert string to float: '[5E-1]', using feature_importances_

  south / onset_14d / xgboost
    SHAP failed: could not convert string to float: '[5E-1]', using feature_importances_

========================================================================
EXPLAINABILITY COMPLETE
  Output: /home/samyak/mrc_ws/mhw_ml/outputs/shap
========================================================================
Running 06_predict_current.py
========================================================================
STEP 06: CURRENT FORECAST
========================================================================
  north 3d: P=0.000 (LOW)  SST=26.01  Wind=2.77
  north 7d: P=0.000 (LOW)  SST=26.01  Wind=2.77
  north 14d: P=0.001 (LOW)  SST=26.01  Wind=2.77
  central 3d: P=0.000 (LOW)  SST=28.08  Wind=4.29
  central 7d: P=0.000 (LOW)  SST=28.08  Wind=4.29
  central 14d: P=0.003 (LOW)  SST=28.08  Wind=4.29
  south 3d: P=0.001 (LOW)  SST=28.94  Wind=3.64
  south 7d: P=0.000 (LOW)  SST=28.94  Wind=3.64
  south 14d: P=0.001 (LOW)  SST=28.94  Wind=3.64

========================================================================
  Saved: /home/samyak/mrc_ws/mhw_ml/outputs/forecasts/latest_forecast.csv
========================================================================
/home/samyak/mrc_ws/mhw_ml/scripts/06_predict_current.py:47: FutureWarning: Downcasting object dtype arrays on .fillna, .ffill, .bfill is deprecated and will change in a future version. Call result.infer_objects(copy=False) instead. To opt-in to the future behavior, set `pd.set_option('future.no_silent_downcasting', True)`
  X = latest[feats].fillna(0).values.reshape(1, -1)
/home/samyak/mrc_ws/mhw_ml/scripts/06_predict_current.py:47: FutureWarning: Downcasting object dtype arrays on .fillna, .ffill, .bfill is deprecated and will change in a future version. Call result.infer_objects(copy=False) instead. To opt-in to the future behavior, set `pd.set_option('future.no_silent_downcasting', True)`
  X = latest[feats].fillna(0).values.reshape(1, -1)
/home/samyak/mrc_ws/mhw_ml/scripts/06_predict_current.py:47: FutureWarning: Downcasting object dtype arrays on .fillna, .ffill, .bfill is deprecated and will change in a future version. Call result.infer_objects(copy=False) instead. To opt-in to the future behavior, set `pd.set_option('future.no_silent_downcasting', True)`
  X = latest[feats].fillna(0).values.reshape(1, -1)
/home/samyak/mrc_ws/mhw_ml/scripts/06_predict_current.py:47: FutureWarning: Downcasting object dtype arrays on .fillna, .ffill, .bfill is deprecated and will change in a future version. Call result.infer_objects(copy=False) instead. To opt-in to the future behavior, set `pd.set_option('future.no_silent_downcasting', True)`
  X = latest[feats].fillna(0).values.reshape(1, -1)
/home/samyak/mrc_ws/mhw_ml/scripts/06_predict_current.py:47: FutureWarning: Downcasting object dtype arrays on .fillna, .ffill, .bfill is deprecated and will change in a future version. Call result.infer_objects(copy=False) instead. To opt-in to the future behavior, set `pd.set_option('future.no_silent_downcasting', True)`
  X = latest[feats].fillna(0).values.reshape(1, -1)
/home/samyak/mrc_ws/mhw_ml/scripts/06_predict_current.py:47: FutureWarning: Downcasting object dtype arrays on .fillna, .ffill, .bfill is deprecated and will change in a future version. Call result.infer_objects(copy=False) instead. To opt-in to the future behavior, set `pd.set_option('future.no_silent_downcasting', True)`
  X = latest[feats].fillna(0).values.reshape(1, -1)
/home/samyak/mrc_ws/mhw_ml/scripts/06_predict_current.py:47: FutureWarning: Downcasting object dtype arrays on .fillna, .ffill, .bfill is deprecated and will change in a future version. Call result.infer_objects(copy=False) instead. To opt-in to the future behavior, set `pd.set_option('future.no_silent_downcasting', True)`
  X = latest[feats].fillna(0).values.reshape(1, -1)
/home/samyak/mrc_ws/mhw_ml/scripts/06_predict_current.py:47: FutureWarning: Downcasting object dtype arrays on .fillna, .ffill, .bfill is deprecated and will change in a future version. Call result.infer_objects(copy=False) instead. To opt-in to the future behavior, set `pd.set_option('future.no_silent_downcasting', True)`
  X = latest[feats].fillna(0).values.reshape(1, -1)
/home/samyak/mrc_ws/mhw_ml/scripts/06_predict_current.py:47: FutureWarning: Downcasting object dtype arrays on .fillna, .ffill, .bfill is deprecated and will change in a future version. Call result.infer_objects(copy=False) instead. To opt-in to the future behavior, set `pd.set_option('future.no_silent_downcasting', True)`
  X = latest[feats].fillna(0).values.reshape(1, -1)
Pipeline complete: 2026-07-13 03:58:03.675510

========================================================================
Pipeline start: 2026-07-13 14:27:10.545174
Running 01_build_dataset.py
========================================================================
STEP 01: BUILD ML DATASET
========================================================================

  Building north...
    Rows: 7300
    onset_3d: 145 positive (1.99%)
    onset_7d: 340 positive (4.66%)
    onset_14d: 680 positive (9.32%)

  Building central...
    Rows: 7300
    onset_3d: 119 positive (1.63%)
    onset_7d: 278 positive (3.81%)
    onset_14d: 552 positive (7.56%)

  Building south...
    Rows: 7300
    onset_3d: 84 positive (1.15%)
    onset_7d: 196 positive (2.68%)
    onset_14d: 389 positive (5.33%)

  Split train: 14235 rows (2006–2018)

  Split val: 3285 rows (2019–2021)

  Split test: 4380 rows (2022–2025)

========================================================================
DATASET BUILD COMPLETE
  Output: /home/samyak/mrc_ws/mhw_ml/data/processed
========================================================================
Running 02_train_baselines.py
========================================================================
STEP 02: TRAIN BASELINES
========================================================================

  north / onset_3d
    climatology: F1=0.000 ROC-AUC=0.498
    persistence: F1=0.017 ROC-AUC=0.378
    logistic: F1=0.159 ROC-AUC=0.702

  north / onset_7d
    climatology: F1=0.000 ROC-AUC=0.506
    persistence: F1=0.071 ROC-AUC=0.406
    logistic: F1=0.253 ROC-AUC=0.644

  north / onset_14d
    climatology: F1=0.000 ROC-AUC=0.480
    persistence: F1=0.181 ROC-AUC=0.465
    logistic: F1=0.389 ROC-AUC=0.612

  central / onset_3d
    climatology: F1=0.000 ROC-AUC=0.544
    persistence: F1=0.006 ROC-AUC=0.392
    logistic: F1=0.235 ROC-AUC=0.840

  central / onset_7d
    climatology: F1=0.000 ROC-AUC=0.530
    persistence: F1=0.023 ROC-AUC=0.415
    logistic: F1=0.305 ROC-AUC=0.728

  central / onset_14d
    climatology: F1=0.000 ROC-AUC=0.487
    persistence: F1=0.100 ROC-AUC=0.424
    logistic: F1=0.399 ROC-AUC=0.606

  south / onset_3d
    climatology: F1=0.000 ROC-AUC=0.510
    persistence: F1=0.006 ROC-AUC=0.412
    logistic: F1=0.101 ROC-AUC=0.821

  south / onset_7d
    climatology: F1=0.000 ROC-AUC=0.520
    persistence: F1=0.029 ROC-AUC=0.446
    logistic: F1=0.123 ROC-AUC=0.667

  south / onset_14d
    climatology: F1=0.000 ROC-AUC=0.533
    persistence: F1=0.059 ROC-AUC=0.450
    logistic: F1=0.228 ROC-AUC=0.669

========================================================================
BASELINES COMPLETE
  Metrics: /home/samyak/mrc_ws/mhw_ml/outputs/metrics/baselines.csv
========================================================================
Running 03_train_models.py
========================================================================
STEP 03: TRAIN ML MODELS
  Models: ['xgboost', 'random_forest', 'gradient_boosting']
========================================================================

  north / onset_3d  (pos=74, neg=5766)
    Saved xgboost → onset_3d_xgboost.joblib
    Saved random_forest → onset_3d_random_forest.joblib
    Saved gradient_boosting → onset_3d_gradient_boosting.joblib

  north / onset_7d  (pos=173, neg=5667)
    Saved xgboost → onset_7d_xgboost.joblib
    Saved random_forest → onset_7d_random_forest.joblib
    Saved gradient_boosting → onset_7d_gradient_boosting.joblib

  north / onset_14d  (pos=348, neg=5492)
    Saved xgboost → onset_14d_xgboost.joblib
    Saved random_forest → onset_14d_random_forest.joblib
    Saved gradient_boosting → onset_14d_gradient_boosting.joblib

  central / onset_3d  (pos=54, neg=5786)
    Saved xgboost → onset_3d_xgboost.joblib
    Saved random_forest → onset_3d_random_forest.joblib
    Saved gradient_boosting → onset_3d_gradient_boosting.joblib

  central / onset_7d  (pos=125, neg=5715)
    Saved xgboost → onset_7d_xgboost.joblib
    Saved random_forest → onset_7d_random_forest.joblib
    Saved gradient_boosting → onset_7d_gradient_boosting.joblib

  central / onset_14d  (pos=251, neg=5589)
    Saved xgboost → onset_14d_xgboost.joblib
    Saved random_forest → onset_14d_random_forest.joblib
    Saved gradient_boosting → onset_14d_gradient_boosting.joblib

  south / onset_3d  (pos=57, neg=5783)
    Saved xgboost → onset_3d_xgboost.joblib
    Saved random_forest → onset_3d_random_forest.joblib
    Saved gradient_boosting → onset_3d_gradient_boosting.joblib

  south / onset_7d  (pos=133, neg=5707)
    Saved xgboost → onset_7d_xgboost.joblib
    Saved random_forest → onset_7d_random_forest.joblib
    Saved gradient_boosting → onset_7d_gradient_boosting.joblib

  south / onset_14d  (pos=263, neg=5577)
    Saved xgboost → onset_14d_xgboost.joblib
    Saved random_forest → onset_14d_random_forest.joblib
    Saved gradient_boosting → onset_14d_gradient_boosting.joblib

========================================================================
MODEL TRAINING COMPLETE
========================================================================
/home/samyak/mrc_ws/.venv/lib/python3.10/site-packages/xgboost/training.py:200: UserWarning: [14:27:24] WARNING: /__w/xgboost/xgboost/src/learner.cc:782: 
Parameters: { "use_label_encoder" } are not used.

  bst.update(dtrain, iteration=i, fobj=obj)
/home/samyak/mrc_ws/.venv/lib/python3.10/site-packages/xgboost/training.py:200: UserWarning: [14:27:57] WARNING: /__w/xgboost/xgboost/src/learner.cc:782: 
Parameters: { "use_label_encoder" } are not used.

  bst.update(dtrain, iteration=i, fobj=obj)
/home/samyak/mrc_ws/.venv/lib/python3.10/site-packages/xgboost/training.py:200: UserWarning: [14:28:39] WARNING: /__w/xgboost/xgboost/src/learner.cc:782: 
Parameters: { "use_label_encoder" } are not used.

  bst.update(dtrain, iteration=i, fobj=obj)
/home/samyak/mrc_ws/.venv/lib/python3.10/site-packages/xgboost/training.py:200: UserWarning: [14:29:34] WARNING: /__w/xgboost/xgboost/src/learner.cc:782: 
Parameters: { "use_label_encoder" } are not used.

  bst.update(dtrain, iteration=i, fobj=obj)
/home/samyak/mrc_ws/.venv/lib/python3.10/site-packages/xgboost/training.py:200: UserWarning: [14:30:21] WARNING: /__w/xgboost/xgboost/src/learner.cc:782: 
Parameters: { "use_label_encoder" } are not used.

  bst.update(dtrain, iteration=i, fobj=obj)
/home/samyak/mrc_ws/.venv/lib/python3.10/site-packages/xgboost/training.py:200: UserWarning: [14:31:06] WARNING: /__w/xgboost/xgboost/src/learner.cc:782: 
Parameters: { "use_label_encoder" } are not used.

  bst.update(dtrain, iteration=i, fobj=obj)
/home/samyak/mrc_ws/.venv/lib/python3.10/site-packages/xgboost/training.py:200: UserWarning: [14:31:54] WARNING: /__w/xgboost/xgboost/src/learner.cc:782: 
Parameters: { "use_label_encoder" } are not used.

  bst.update(dtrain, iteration=i, fobj=obj)
/home/samyak/mrc_ws/.venv/lib/python3.10/site-packages/xgboost/training.py:200: UserWarning: [14:32:38] WARNING: /__w/xgboost/xgboost/src/learner.cc:782: 
Parameters: { "use_label_encoder" } are not used.

  bst.update(dtrain, iteration=i, fobj=obj)
/home/samyak/mrc_ws/.venv/lib/python3.10/site-packages/xgboost/training.py:200: UserWarning: [14:33:22] WARNING: /__w/xgboost/xgboost/src/learner.cc:782: 
Parameters: { "use_label_encoder" } are not used.

  bst.update(dtrain, iteration=i, fobj=obj)
Running 04_evaluate_models.py
========================================================================
STEP 04: EVALUATE MODELS
========================================================================
  north/onset_3d/gradient_boosting: F1=0.114 PR-AUC=0.179
  north/onset_3d/random_forest: F1=0.164 PR-AUC=0.161
  north/onset_3d/xgboost: F1=0.051 PR-AUC=0.161
  north/onset_7d/gradient_boosting: F1=0.052 PR-AUC=0.171
  north/onset_7d/random_forest: F1=0.199 PR-AUC=0.221
  north/onset_7d/xgboost: F1=0.130 PR-AUC=0.213
  north/onset_14d/gradient_boosting: F1=0.073 PR-AUC=0.222
  north/onset_14d/random_forest: F1=0.175 PR-AUC=0.296
  north/onset_14d/xgboost: F1=0.041 PR-AUC=0.255
  central/onset_3d/gradient_boosting: F1=0.054 PR-AUC=0.157
  central/onset_3d/random_forest: F1=0.146 PR-AUC=0.211
  central/onset_3d/xgboost: F1=0.057 PR-AUC=0.178
  central/onset_7d/gradient_boosting: F1=0.012 PR-AUC=0.181
  central/onset_7d/random_forest: F1=0.195 PR-AUC=0.278
  central/onset_7d/xgboost: F1=0.132 PR-AUC=0.247
  central/onset_14d/gradient_boosting: F1=0.085 PR-AUC=0.300
  central/onset_14d/random_forest: F1=0.148 PR-AUC=0.280
  central/onset_14d/xgboost: F1=0.075 PR-AUC=0.267
  south/onset_3d/gradient_boosting: F1=0.103 PR-AUC=0.117
  south/onset_3d/random_forest: F1=0.103 PR-AUC=0.172
  south/onset_3d/xgboost: F1=0.138 PR-AUC=0.161
  south/onset_7d/gradient_boosting: F1=0.183 PR-AUC=0.129
  south/onset_7d/random_forest: F1=0.132 PR-AUC=0.181
  south/onset_7d/xgboost: F1=0.000 PR-AUC=0.153
  south/onset_14d/gradient_boosting: F1=0.104 PR-AUC=0.301
  south/onset_14d/random_forest: F1=0.211 PR-AUC=0.254
  south/onset_14d/xgboost: F1=0.075 PR-AUC=0.310

========================================================================
EVALUATION COMPLETE
  Metrics: /home/samyak/mrc_ws/mhw_ml/outputs/metrics/all_models_comparison.csv
========================================================================
Running 05_explain_models.py
========================================================================
STEP 05: MODEL EXPLAINABILITY
  SHAP available: True
========================================================================

  north / onset_3d / xgboost
    SHAP failed: could not convert string to float: '[5E-1]', using feature_importances_

  north / onset_7d / xgboost
    SHAP failed: could not convert string to float: '[5E-1]', using feature_importances_

  north / onset_14d / xgboost
    SHAP failed: could not convert string to float: '[5E-1]', using feature_importances_

  central / onset_3d / xgboost
    SHAP failed: could not convert string to float: '[5E-1]', using feature_importances_

  central / onset_7d / xgboost
    SHAP failed: could not convert string to float: '[5E-1]', using feature_importances_

  central / onset_14d / xgboost
    SHAP failed: could not convert string to float: '[5E-1]', using feature_importances_

  south / onset_3d / xgboost
    SHAP failed: could not convert string to float: '[5E-1]', using feature_importances_

  south / onset_7d / xgboost
    SHAP failed: could not convert string to float: '[5E-1]', using feature_importances_

  south / onset_14d / xgboost
    SHAP failed: could not convert string to float: '[5E-1]', using feature_importances_

========================================================================
EXPLAINABILITY COMPLETE
  Output: /home/samyak/mrc_ws/mhw_ml/outputs/shap
========================================================================
Running 06_predict_current.py
========================================================================
STEP 06: CURRENT FORECAST
========================================================================
  north 3d: P=0.000 (LOW)  SST=26.01  Wind=2.77
  north 7d: P=0.000 (LOW)  SST=26.01  Wind=2.77
  north 14d: P=0.001 (LOW)  SST=26.01  Wind=2.77
  central 3d: P=0.000 (LOW)  SST=28.08  Wind=4.29
  central 7d: P=0.000 (LOW)  SST=28.08  Wind=4.29
  central 14d: P=0.003 (LOW)  SST=28.08  Wind=4.29
  south 3d: P=0.001 (LOW)  SST=28.94  Wind=3.64
  south 7d: P=0.000 (LOW)  SST=28.94  Wind=3.64
  south 14d: P=0.001 (LOW)  SST=28.94  Wind=3.64

========================================================================
  Saved: /home/samyak/mrc_ws/mhw_ml/outputs/forecasts/latest_forecast.csv
========================================================================
/home/samyak/mrc_ws/mhw_ml/scripts/06_predict_current.py:47: FutureWarning: Downcasting object dtype arrays on .fillna, .ffill, .bfill is deprecated and will change in a future version. Call result.infer_objects(copy=False) instead. To opt-in to the future behavior, set `pd.set_option('future.no_silent_downcasting', True)`
  X = latest[feats].fillna(0).values.reshape(1, -1)
/home/samyak/mrc_ws/mhw_ml/scripts/06_predict_current.py:47: FutureWarning: Downcasting object dtype arrays on .fillna, .ffill, .bfill is deprecated and will change in a future version. Call result.infer_objects(copy=False) instead. To opt-in to the future behavior, set `pd.set_option('future.no_silent_downcasting', True)`
  X = latest[feats].fillna(0).values.reshape(1, -1)
/home/samyak/mrc_ws/mhw_ml/scripts/06_predict_current.py:47: FutureWarning: Downcasting object dtype arrays on .fillna, .ffill, .bfill is deprecated and will change in a future version. Call result.infer_objects(copy=False) instead. To opt-in to the future behavior, set `pd.set_option('future.no_silent_downcasting', True)`
  X = latest[feats].fillna(0).values.reshape(1, -1)
/home/samyak/mrc_ws/mhw_ml/scripts/06_predict_current.py:47: FutureWarning: Downcasting object dtype arrays on .fillna, .ffill, .bfill is deprecated and will change in a future version. Call result.infer_objects(copy=False) instead. To opt-in to the future behavior, set `pd.set_option('future.no_silent_downcasting', True)`
  X = latest[feats].fillna(0).values.reshape(1, -1)
/home/samyak/mrc_ws/mhw_ml/scripts/06_predict_current.py:47: FutureWarning: Downcasting object dtype arrays on .fillna, .ffill, .bfill is deprecated and will change in a future version. Call result.infer_objects(copy=False) instead. To opt-in to the future behavior, set `pd.set_option('future.no_silent_downcasting', True)`
  X = latest[feats].fillna(0).values.reshape(1, -1)
/home/samyak/mrc_ws/mhw_ml/scripts/06_predict_current.py:47: FutureWarning: Downcasting object dtype arrays on .fillna, .ffill, .bfill is deprecated and will change in a future version. Call result.infer_objects(copy=False) instead. To opt-in to the future behavior, set `pd.set_option('future.no_silent_downcasting', True)`
  X = latest[feats].fillna(0).values.reshape(1, -1)
/home/samyak/mrc_ws/mhw_ml/scripts/06_predict_current.py:47: FutureWarning: Downcasting object dtype arrays on .fillna, .ffill, .bfill is deprecated and will change in a future version. Call result.infer_objects(copy=False) instead. To opt-in to the future behavior, set `pd.set_option('future.no_silent_downcasting', True)`
  X = latest[feats].fillna(0).values.reshape(1, -1)
/home/samyak/mrc_ws/mhw_ml/scripts/06_predict_current.py:47: FutureWarning: Downcasting object dtype arrays on .fillna, .ffill, .bfill is deprecated and will change in a future version. Call result.infer_objects(copy=False) instead. To opt-in to the future behavior, set `pd.set_option('future.no_silent_downcasting', True)`
  X = latest[feats].fillna(0).values.reshape(1, -1)
/home/samyak/mrc_ws/mhw_ml/scripts/06_predict_current.py:47: FutureWarning: Downcasting object dtype arrays on .fillna, .ffill, .bfill is deprecated and will change in a future version. Call result.infer_objects(copy=False) instead. To opt-in to the future behavior, set `pd.set_option('future.no_silent_downcasting', True)`
  X = latest[feats].fillna(0).values.reshape(1, -1)
Pipeline complete: 2026-07-13 14:34:31.569569
