================================================================================
TOP EVENT SST LIFECYCLE MAPS
================================================================================

Loading SST dataset...
  Spatial climatology computed.

========================================
North
========================================

  STRONGEST
    [1/10] N36 2024-04-07 (strongest)
    SKIP N36: already generated
    [2/10] N26 2022-07-27 (strongest)
    SKIP N26: already generated
    [3/10] N27 2022-08-29 (strongest)
    [4/10] N17 2020-09-03 (strongest)
    [5/10] N12 2019-10-17 (strongest)
    [6/10] N38 2024-10-07 (strongest)
    [7/10] N16 2020-07-25 (strongest)
    [8/10] N29 2023-04-11 (strongest)
    [9/10] N43 2025-01-22 (strongest)
    [10/10] N19 2021-05-08 (strongest)

  LONGEST
    [1/10] N43 2025-01-22 (longest)
    [2/10] N36 2024-04-07 (longest)
    [3/10] N29 2023-04-11 (longest)
    [4/10] N30 2023-05-28 (longest)
    [5/10] N07 2016-03-06 (longest)
    [6/10] N18 2021-01-07 (longest)
    [7/10] N17 2020-09-03 (longest)
    [8/10] N16 2020-07-25 (longest)
    [9/10] N42 2025-01-01 (longest)
    [10/10] N49 2025-10-19 (longest)

========================================
Central
========================================

  STRONGEST
    [1/10] C31 2024-04-11 (strongest)
    [2/10] C14 2020-08-27 (strongest)
    [3/10] C13 2020-07-18 (strongest)
    [4/10] C10 2019-10-01 (strongest)
    [5/10] C16 2021-05-14 (strongest)
    [6/10] C03 2010-05-07 (strongest)
    [7/10] C34 2024-09-27 (strongest)
    [8/10] C24 2022-08-28 (strongest)
    [9/10] C23 2022-07-25 (strongest)
    [10/10] C07 2016-05-05 (strongest)

  LONGEST
    [1/10] C36 2024-10-28 (longest)
    [2/10] C31 2024-04-11 (longest)
    [3/10] C10 2019-10-01 (longest)
    [4/10] C38 2025-02-20 (longest)
    [5/10] C27 2023-11-04 (longest)
    [6/10] C30 2024-01-24 (longest)
    [7/10] C01 2010-03-18 (longest)
    [8/10] C14 2020-08-27 (longest)
    [9/10] C33 2024-08-09 (longest)
    [10/10] C35 2024-10-05 (longest)

========================================
South
========================================

  STRONGEST
    [1/10] S24 2024-04-14 (strongest)
    [2/10] S27 2024-10-29 (strongest)
    [3/10] S18 2020-08-17 (strongest)
    [4/10] S23 2024-03-28 (strongest)
    [5/10] S25 2024-06-14 (strongest)
    [6/10] S19 2021-05-11 (strongest)
    [7/10] S11 2016-04-21 (strongest)
    [8/10] S16 2019-10-04 (strongest)
    [9/10] S21 2023-11-03 (strongest)
    [10/10] S08 2015-10-11 (strongest)
